\BOOKMARK [-1][-]{chapter*.1}{\376\377\302\334\307\221\325\130\256\060}{}% 1
\BOOKMARK [-1][-]{chapter*.1}{\376\377\302\334\307\221\325\130\256\060}{}% 2
\BOOKMARK [0][-]{chapter*.2}{\376\377\302\334\307\221\325\130\256\060}{chapter*.1}% 3
\BOOKMARK [-1][-]{part.1}{\376\377\000I\000\040\325\131\300\335\000\267\325\131\275\200\272\250\000\267\274\030\000\040\306\264\306\001}{}% 4
\BOOKMARK [0][-]{chapter.1}{\376\377\263\000\302\334\274\364\264\334}{part.1}% 5
\BOOKMARK [0][-]{chapter.2}{\376\377\254\000\307\205\000\040\302\271\307\170}{part.1}% 6
\BOOKMARK [0][-]{chapter.3}{\376\377\274\030\000\050\302\030\254\025\274\030\000\051\000\040\255\000\271\254}{part.1}% 7
\BOOKMARK [0][-]{chapter.4}{\376\377\325\131\300\335\000\040\255\000\271\254}{part.1}% 8
\BOOKMARK [0][-]{chapter.5}{\376\377\325\131\275\200\272\250\000\040\255\000\271\254}{part.1}% 9
\BOOKMARK [-1][-]{part.2}{\376\377\000I\000I\000\040\317\130\321\120\316\040\306\100\000\040\325\131\302\265}{}% 10
\BOOKMARK [0][-]{chapter.6}{\376\377\317\130\321\120\316\040\000\040\000\050\307\175\256\060\000\040\310\004\306\251\000\051}{part.2}% 11
\BOOKMARK [0][-]{chapter.7}{\376\377\260\264\306\251\000\040\302\031\311\300\000\040\000\050\307\220\256\060\000\040\256\060\255\000\000\040\325\131\302\265\000\051}{part.2}% 12
\BOOKMARK [0][-]{chapter.8}{\376\377\325\131\302\265\000\040\254\304\326\215\324\134}{part.2}% 13
\BOOKMARK [-1][-]{part.3}{\376\377\000I\000I\000I\000\040\302\334\325\330\000\267\263\000\254\260}{}% 14
\BOOKMARK [0][-]{chapter.9}{\376\377\321\114\302\244\322\270\000\040\255\000\271\254}{part.3}% 15
\BOOKMARK [0][-]{chapter.10}{\376\377\263\000\254\260\000\040\255\000\271\254}{part.3}% 16
\BOOKMARK [-1][-]{part.4}{\376\377\000I\000V\000\040\256\000\304\360\256\060\000\040\314\250\300\255}{}% 17
\BOOKMARK [0][-]{chapter.11}{\376\377\311\300\302\335\254\374\000\040\311\300\326\034\000\040\000\050\256\000\304\360\256\060\000\040\314\250\300\255\000\051}{part.4}% 18
\BOOKMARK [-1][-]{part.5}{\376\377\000V\000\040\000A\000I\000\040\307\220\272\275\000\267\254\260\310\034\000\267\256\060\255\000\000\040\306\264\306\001}{}% 19
\BOOKMARK [0][-]{chapter.12}{\376\377\000A\000I\000\040\307\220\272\275\000\040\311\300\254\021}{part.5}% 20
\BOOKMARK [0][-]{chapter.13}{\376\377\306\324\000\040\300\254\306\251\270\314}{part.5}% 21
\BOOKMARK [0][-]{chapter.14}{\376\377\256\060\255\000\000\040\301\044\310\025}{part.5}% 22
