\BOOKMARK [1][-]{section.1}{\376\377\325\004\270\134\310\035\322\270\000\040\311\304\325\211\000\040\326\004\326\151}{}% 1
\BOOKMARK [2][-]{subsection.1.1}{\376\377\310\004\314\264\000\040\311\304\314\231\263\304\000\040\325\134\262\010\305\320}{section.1}% 2
\BOOKMARK [2][-]{subsection.1.2}{\376\377\315\134\255\374\000\040\325\134\000\040\262\354\000\040\310\374\306\224\000\040\274\300\326\124}{section.1}% 3
\BOOKMARK [1][-]{section.2}{\376\377\260\250\307\100\000\040\307\221\305\305\000\040\000\050\254\034\274\034\000/\306\264\306\001\000\051}{}% 4
\BOOKMARK [2][-]{subsection.2.1}{\376\377\254\034\274\034\000\040\306\260\301\040\000\040\254\374\310\034}{section.2}% 5
\BOOKMARK [2][-]{subsection.2.2}{\376\377\306\264\306\001\000/\255\000\271\254\000\040\307\221\305\305}{section.2}% 6
\BOOKMARK [1][-]{section.3}{\376\377\325\104\306\224\325\134\000\040\317\130\321\120\316\040\000\040\307\221\305\305}{}% 7
\BOOKMARK [2][-]{subsection.3.1}{\376\377\272\250\264\310\274\304\000\040\325\104\306\224\000\040\317\130\321\120\316\040\000\040\271\344\322\270\271\255\302\244}{section.3}% 8
\BOOKMARK [2][-]{subsection.3.2}{\376\377\326\004\307\254\000\040\311\304\314\231}{section.3}% 9
\BOOKMARK [2][-]{subsection.3.3}{\376\377\317\130\321\120\316\040\323\000\000\040\254\260\310\025\000\040\325\104\306\224\000\040\300\254\325\155}{section.3}% 10
\BOOKMARK [1][-]{section.4}{\376\377\307\174\307\174\000\040\320\064\311\210\000\040\302\334\302\244\321\134\000\040\307\254\301\044\254\304\000\040\000\050\311\321\311\021\000\040\274\034\310\034\000\051}{}% 11
\BOOKMARK [2][-]{subsection.4.1}{\376\377\256\060\274\370\000\040\306\320\316\131}{section.4}% 12
\BOOKMARK [2][-]{subsection.4.2}{\376\377\0001\0000\263\000\000\040\305\355\267\311\000\040\0001\000:\0001\000\040\302\254\270\157\000\040\271\344\325\121}{section.4}% 13
\BOOKMARK [2][-]{subsection.4.3}{\376\377\000Q\0001\000\040\305\264\327\030\000\040\040\024\000\040\0006\325\130\307\004\307\040\326\025\000\040\270\134\321\114\307\164\301\130\000\040\300\301\301\070}{section.4}% 14
\BOOKMARK [2][-]{subsection.4.4}{\376\377\324\134\311\000\255\155\305\264\263\000\300\254\310\004\000\040\300\254\306\251\000\040\255\334\316\131\000\040\000\050\046\005\000\040\325\165\302\354\000\040\254\260\310\025\300\254\325\155\000\051}{section.4}% 15
\BOOKMARK [2][-]{subsection.4.5}{\376\377\000Q\0002\000\040\000\040\000Q\0005\000\040\254\035\255\000\302\335\000\040\255\154\254\004}{section.4}% 16
\BOOKMARK [2][-]{subsection.4.6}{\376\377\000Q\0006\000\040\255\155\305\264\000\040\254\034\261\120\000\040\310\001\306\251\000\040\040\024\000\040\321\115\302\244\322\270\000\040\311\301\310\021\000\040\320\164\271\255\000\040\000\050\046\005\000\040\302\340\255\334\000\040\307\170\321\060\267\231\301\130\000\051}{section.4}% 17
\BOOKMARK [2][-]{subsection.4.7}{\376\377\000Q\0007\000\040\000\040\000Q\0008\000\040\274\060\254\275\311\300\302\335\000\040\255\154\254\004}{section.4}% 18
\BOOKMARK [2][-]{subsection.4.8}{\376\377\000Q\0009\000\040\273\070\310\034\000\040\275\204\301\035\000\267\310\004\267\265\000\040\302\030\271\275\000\040\040\024\000\040\276\110\316\170\000\040\314\104\306\260\256\060\000\040\000\050\046\005\000\040\302\340\255\334\000\040\307\170\321\060\267\231\301\130\000\051}{section.4}% 19
\BOOKMARK [2][-]{subsection.4.9}{\376\377\000Q\0001\0000\000\040\301\040\320\335\311\300\000\040\275\204\301\035\000\267\310\004\267\265\000\040\302\030\271\275\000\040\040\024\000\040\301\040\320\335\311\300\000\040\000O\000X\000\040\000\050\046\005\000\040\325\165\302\354\000\040\302\340\255\334\000\040\307\170\321\060\267\231\301\130\000\051}{section.4}% 20
\BOOKMARK [2][-]{subsection.4.10}{\376\377\306\044\262\365\000\040\301\040\320\335\311\300\000\040\300\335\301\061\000\040\0001\0000\263\000\000\040\256\060\274\225\000\040\000\050\000Q\0001\0000\000\040\325\165\302\354\000\051}{section.4}% 21
\BOOKMARK [2][-]{subsection.4.11}{\376\377\300\335\301\061\000\040\323\014\307\164\325\004\267\174\307\170\000\040\000\050\307\221\305\305\307\220\000/\000A\000I\000\040\275\204\262\364\000\051}{section.4}% 22
\BOOKMARK [1][-]{section.5}{\376\377\326\214\307\130\000\040\321\240\270\140\000\040\325\155\272\251}{}% 23
\BOOKMARK [2][-]{subsection.5.1}{\376\377\311\211\302\334\000\040\254\260\310\025\000\040\325\104\306\224}{section.5}% 24
\BOOKMARK [2][-]{subsection.5.2}{\376\377\325\245\326\304\000\040\325\134\000\040\262\354\000\040\271\310\307\174\302\244\321\244\000\040\310\034\305\110}{section.5}% 25
\BOOKMARK [2][-]{subsection.5.3}{\376\377\307\245\256\060\000\040\254\374\310\034}{section.5}% 26
