\BOOKMARK [1][-]{section.1}{\376\377\325\131\302\265\000\040\302\334\307\221\000\040\326\124\272\164}{}% 1
\BOOKMARK [2][-]{subsection.1.1}{\376\377\326\124\272\164\000\040\255\154\301\061}{section.1}% 2
\BOOKMARK [1][-]{section.2}{\376\377\307\174\307\174\000\040\325\131\302\265\000\040\000\050\273\064\270\314\000\051}{}% 3
\BOOKMARK [2][-]{subsection.2.1}{\376\377\307\174\307\174\000\040\320\064\311\210}{section.2}% 4
\BOOKMARK [2][-]{subsection.2.2}{\376\377\307\174\307\174\000\040\263\305\325\164}{section.2}% 5
\BOOKMARK [3][-]{subsubsection.2.2.1}{\376\377\0001\262\350\254\304\000:\000\040\310\025\263\305}{subsection.2.2}% 6
\BOOKMARK [3][-]{subsubsection.2.2.2}{\376\377\0002\262\350\254\304\000:\000\040\274\365\256\060}{subsection.2.2}% 7
\BOOKMARK [3][-]{subsubsection.2.2.3}{\376\377\0003\262\350\254\304\000:\000\040\326\125\307\170}{subsection.2.2}% 8
\BOOKMARK [1][-]{section.3}{\376\377\261\215\307\245\274\304\000\040\272\250\264\334}{}% 9
\BOOKMARK [2][-]{subsection.3.1}{\376\377\261\215\307\245\000\040\272\251\270\135\254\374\000\040\263\000\300\301\000\040\270\010\274\250}{section.3}% 10
\BOOKMARK [2][-]{subsection.3.2}{\376\377\325\131\302\265\000\040\327\120\271\204}{section.3}% 11
\BOOKMARK [1][-]{section.4}{\376\377\273\070\274\225\000\040\325\131\302\265\000\040\300\301\301\070}{}% 12
\BOOKMARK [2][-]{subsection.4.1}{\376\377\324\210\300\254\000\040\325\131\302\265\000\040\000\050\256\060\315\010\000\040\0005\0000\254\034\000\040\000+\000\040\302\354\326\124\000\040\0005\0000\254\034\000,\000\040\315\035\000\040\0002\000,\0000\0000\0000\273\070\325\155\000\051}{section.4}% 13
\BOOKMARK [3][-]{subsubsection.4.1.1}{\376\377\256\060\315\010\000\040\000\050\325\004\270\010\254\214\000+\267\354\301\100\000\040\263\000\300\301\000\051}{subsection.4.1}% 14
\BOOKMARK [3][-]{subsubsection.4.1.2}{\376\377\302\354\326\124\000\040\000\050\267\354\301\100\000+\276\104\322\270\254\220\302\210\320\300\307\170\000\040\263\000\300\301\000\051}{subsection.4.1}% 15
\BOOKMARK [3][-]{subsubsection.4.1.3}{\376\377\325\131\302\265\000\040\274\051\274\225}{subsection.4.1}% 16
\BOOKMARK [2][-]{subsection.4.2}{\376\377\326\025\320\334\301\214\000\040\275\204\301\035\000\040\000\050\256\060\315\010\000\040\0001\0000\254\034\000\040\000+\000\040\302\354\326\124\000\040\0001\0000\254\034\000\051}{section.4}% 17
\BOOKMARK [3][-]{subsubsection.4.2.1}{\376\377\325\131\302\265\000\040\274\051\274\225\000\040\000\050\0004\262\350\254\304\000\051}{subsection.4.2}% 18
\BOOKMARK [3][-]{subsubsection.4.2.2}{\376\377\326\025\320\334\301\214\000\040\275\204\301\035\000\040\255\334\316\131}{subsection.4.2}% 19
\BOOKMARK [2][-]{subsection.4.3}{\376\377\262\350\305\264\307\130\000\040\326\025\301\061\000\040\000\050\256\060\315\010\000\040\0002\0000\254\034\000\040\000+\000\040\302\354\326\124\000\040\0001\0000\254\034\000\051}{section.4}% 20
\BOOKMARK [3][-]{subsubsection.4.3.1}{\376\377\325\131\302\265\000\040\274\051\274\225\000\040\000\050\0005\262\350\254\304\000\051}{subsection.4.3}% 21
\BOOKMARK [3][-]{subsubsection.4.3.2}{\376\377\302\354\326\124\000\040\315\224\254\000\000\040\262\350\254\304}{subsection.4.3}% 22
\BOOKMARK [2][-]{subsection.4.4}{\376\377\273\070\307\245\307\130\000\040\311\334\307\204\000\040\000\050\256\060\315\010\000\040\0002\0000\254\034\000\040\000+\000\040\302\354\326\124\000\040\0001\0005\254\034\000\051}{section.4}% 23
\BOOKMARK [3][-]{subsubsection.4.4.1}{\376\377\325\131\302\265\000\040\274\051\274\225}{subsection.4.4}% 24
\BOOKMARK [3][-]{subsubsection.4.4.2}{\376\377\256\060\315\010\000\040\306\010\302\334}{subsection.4.4}% 25
\BOOKMARK [3][-]{subsubsection.4.4.3}{\376\377\302\354\326\124\000\040\306\010\302\334}{subsection.4.4}% 26
\BOOKMARK [2][-]{subsection.4.5}{\376\377\307\114\306\264\000\040\274\300\263\331\000\040\000\050\267\354\301\100\000+\276\104\322\270\254\220\302\210\320\300\307\170\000\040\263\000\300\301\000\051}{section.4}% 27
\BOOKMARK [3][-]{subsubsection.4.5.1}{\376\377\325\131\302\265\000\040\274\051\274\225}{subsection.4.5}% 28
\BOOKMARK [3][-]{subsubsection.4.5.2}{\376\377\307\114\306\264\000\040\274\300\263\331\000\040\306\010\302\334}{subsection.4.5}% 29
\BOOKMARK [1][-]{section.5}{\376\377\325\004\270\134\000\040\272\250\264\334}{}% 30
\BOOKMARK [1][-]{section.6}{\376\377\311\300\302\335\254\374\000\040\311\300\326\034\000\040\000\050\256\000\304\360\256\060\000\051}{}% 31
\BOOKMARK [2][-]{subsection.6.1}{\376\377\270\010\274\250\274\304\000\040\256\000\304\360\256\060\000\040\310\374\310\034}{section.6}% 32
\BOOKMARK [2][-]{subsection.6.2}{\376\377\325\131\302\265\000\040\327\120\271\204}{section.6}% 33
\BOOKMARK [1][-]{section.7}{\376\377\263\000\254\260}{}% 34
\BOOKMARK [2][-]{subsection.7.1}{\376\377\301\034\274\204\000\040\301\040\320\335}{section.7}% 35
\BOOKMARK [2][-]{subsection.7.2}{\376\377\263\000\254\260\000\040\311\304\325\211}{section.7}% 36
\BOOKMARK [2][-]{subsection.7.3}{\376\377\310\004\310\001}{section.7}% 37
\BOOKMARK [1][-]{section.8}{\376\377\321\114\302\244\322\270\000\040\314\075\254\340}{}% 38
\BOOKMARK [2][-]{subsection.8.1}{\376\377\302\334\325\330\000\040\272\251\270\135}{section.8}% 39
\BOOKMARK [2][-]{subsection.8.2}{\376\377\000O\000M\000R\000\040\262\365\305\110\000\040\307\205\270\045}{section.8}% 40
\BOOKMARK [2][-]{subsection.8.3}{\376\377\307\121\302\334\000\040\307\164\270\045}{section.8}% 41
\BOOKMARK [2][-]{subsection.8.4}{\376\377\306\044\262\365\000\040\261\170\322\270}{section.8}% 42
\BOOKMARK [1][-]{section.9}{\376\377\321\265\325\151\000\040\301\061\310\001\324\134}{}% 43
\BOOKMARK [2][-]{subsection.9.1}{\376\377\325\131\302\265\000\040\316\230\271\260\263\124}{section.9}% 44
\BOOKMARK [2][-]{subsection.9.2}{\376\377\305\355\267\311\000\040\270\010\307\164\263\124\000\040\314\050\322\270}{section.9}% 45
\BOOKMARK [2][-]{subsection.9.3}{\376\377\305\355\267\311\274\304\000\040\300\301\301\070\000\040\275\204\301\035}{section.9}% 46
\BOOKMARK [2][-]{subsection.9.4}{\376\377\306\001\305\355\274\304\000\040\275\204\301\035}{section.9}% 47
\BOOKMARK [2][-]{subsection.9.5}{\376\377\326\134\263\331\274\304\000\040\300\301\301\070}{section.9}% 48
\BOOKMARK [1][-]{section.10}{\376\377\267\255\320\271}{}% 49
\BOOKMARK [1][-]{section.11}{\376\377\302\030\326\125\000\040\307\245\275\200\306\100\000\040\305\050\305\127\000\040\255\000\271\254}{}% 50
\BOOKMARK [2][-]{subsection.11.1}{\376\377\302\030\326\125\000\040\307\245\275\200}{section.11}% 51
\BOOKMARK [2][-]{subsection.11.2}{\376\377\305\050\305\127\000\040\302\334\302\244\321\134}{section.11}% 52
\BOOKMARK [1][-]{section.12}{\376\377\316\344\273\244\262\310\322\360}{}% 53
\BOOKMARK [1][-]{section.13}{\376\377\301\374\325\121\272\260}{}% 54
\BOOKMARK [1][-]{section.14}{\376\377\254\374\310\034\000\040\255\000\271\254}{}% 55
\BOOKMARK [1][-]{section.15}{\376\377\255\154\263\305\000\040\305\110\260\264}{}% 56
\BOOKMARK [2][-]{subsection.15.1}{\376\377\273\064\270\314\270\134\000\040\307\164\306\251\000\040\254\000\262\245\325\134\000\040\256\060\262\245}{section.15}% 57
\BOOKMARK [2][-]{subsection.15.2}{\376\377\255\154\263\305\000\040\302\334\000\040\315\224\254\000\000\040\307\164\306\251\000\040\254\000\262\245\325\134\000\040\256\060\262\245}{section.15}% 58
\BOOKMARK [1][-]{section.16}{\376\377\260\264\000\040\310\025\274\364}{}% 59
